[33m[1mYCSB benchmark configuration:[39m[22m Args {
    num_clis: 70,
    num_ops: 10000,
    workload: 'a',
    client_just_args: [
        "p1::client",
        "128.105.144.45:3777",
    ],
}
[33m[1mBenchmarking [Load] phase...[39m[22m
  Launched 70 YCSB drivers, now waiting...
[33m[1mBenchmarking [Run] phase...[39m[22m
  Launched 70 YCSB drivers, now waiting...
[33m[1mBenchmarking results:[39m[22m  [36mYCSB-a[39m  [35m70 clients[39m
  [36m[Load][39m    2498 ms
    Throughput:   28023.40 ops/sec
    Latency:    INSERT  ops  70000  avg    949.83  min    270  max  29208  p99   5222  us
  [36m[Run] [39m   12160 ms
    Throughput:   57565.45 ops/sec
    Latency:    READ    ops 351098  avg    979.80  min    218  max  35856  p99   6292  us
                UPDATE  ops 348902  avg   1100.24  min    208  max  33847  p99   7056  us
