[33m[1mYCSB benchmark configuration:[39m[22m Args {
    num_clis: 1,
    num_ops: 10000,
    workload: 'e',
    client_just_args: [
        "p1::client",
        "128.105.144.45:3777",
    ],
}
[33m[1mBenchmarking [Load] phase...[39m[22m
  Launched 1 YCSB drivers, now waiting...
[33m[1mBenchmarking [Run] phase...[39m[22m
  Launched 1 YCSB drivers, now waiting...
[33m[1mBenchmarking results:[39m[22m  [36mYCSB-e[39m  [35m1 clients[39m
  [36m[Load][39m     570 ms
    Throughput:    1755.16 ops/sec
    Latency:    INSERT  ops   1000  avg    504.04  min    428  max   5836  p99    683  us
  [36m[Run] [39m   19076 ms
    Throughput:     524.23 ops/sec
    Latency:    INSERT  ops    490  avg    532.73  min    444  max   1277  p99    711  us
                SCAN    ops   9510  avg   1964.04  min    481  max   8498  p99   4750  us
