[33m[1mYCSB benchmark configuration:[39m[22m Args {
    num_clis: 25,
    num_ops: 10000,
    workload: 'e',
    client_just_args: [
        "p1::client",
        "128.105.144.45:3777",
    ],
}
[33m[1mBenchmarking [Load] phase...[39m[22m
  Launched 25 YCSB drivers, now waiting...
[33m[1mBenchmarking [Run] phase...[39m[22m
  Launched 25 YCSB drivers, now waiting...
[33m[1mBenchmarking results:[39m[22m  [36mYCSB-e[39m  [35m25 clients[39m
  [36m[Load][39m    1849 ms
    Throughput:   13519.34 ops/sec
    Latency:    INSERT  ops  25000  avg   1675.21  min    303  max  13301  p99   5377  us
  [36m[Run] [39m   19459 ms
    Throughput:   12847.48 ops/sec
    Latency:    INSERT  ops  12431  avg    714.91  min    300  max  13824  p99   2768  us
                SCAN    ops 237569  avg   1945.75  min    314  max  27446  p99   5286  us
