[33m[1mYCSB benchmark configuration:[39m[22m Args {
    num_clis: 55,
    num_ops: 10000,
    workload: 'a',
    client_just_args: [
        "p1::client",
        "128.105.144.45:3777",
    ],
}
[33m[1mBenchmarking [Load] phase...[39m[22m
  Launched 55 YCSB drivers, now waiting...
[33m[1mBenchmarking [Run] phase...[39m[22m
  Launched 55 YCSB drivers, now waiting...
[33m[1mBenchmarking results:[39m[22m  [36mYCSB-a[39m  [35m55 clients[39m
  [36m[Load][39m    1815 ms
    Throughput:   30295.45 ops/sec
    Latency:    INSERT  ops  55000  avg   1111.28  min    265  max  28454  p99   6207  us
  [36m[Run] [39m   10835 ms
    Throughput:   50759.43 ops/sec
    Latency:    READ    ops 274956  avg    906.37  min    217  max  26441  p99   4334  us
                UPDATE  ops 275044  avg   1033.49  min    208  max  26046  p99   5002  us
