[33m[1mYCSB benchmark configuration:[39m[22m Args {
    num_clis: 55,
    num_ops: 10000,
    workload: 'c',
    client_just_args: [
        "p1::client",
        "128.105.144.45:3777",
    ],
}
[33m[1mBenchmarking [Load] phase...[39m[22m
  Launched 55 YCSB drivers, now waiting...
[33m[1mBenchmarking [Run] phase...[39m[22m
  Launched 55 YCSB drivers, now waiting...
[33m[1mBenchmarking results:[39m[22m  [36mYCSB-c[39m  [35m55 clients[39m
  [36m[Load][39m    1794 ms
    Throughput:   30661.64 ops/sec
    Latency:    INSERT  ops  55000  avg   1170.85  min    264  max  23454  p99   6051  us
  [36m[Run] [39m    9558 ms
    Throughput:   57543.80 ops/sec
    Latency:    READ    ops 550000  avg    851.93  min    216  max  41981  p99   5429  us
