[33m[1mYCSB benchmark configuration:[39m[22m Args {
    num_clis: 10,
    num_ops: 10000,
    workload: 'a',
    client_just_args: [
        "p1::client",
        "128.105.144.45:3777",
    ],
}
[33m[1mBenchmarking [Load] phase...[39m[22m
  Launched 10 YCSB drivers, now waiting...
[33m[1mBenchmarking [Run] phase...[39m[22m
  Launched 10 YCSB drivers, now waiting...
[33m[1mBenchmarking results:[39m[22m  [36mYCSB-a[39m  [35m10 clients[39m
  [36m[Load][39m     880 ms
    Throughput:   11368.43 ops/sec
    Latency:    INSERT  ops  10000  avg    797.00  min    323  max   4903  p99   2439  us
  [36m[Run] [39m    8124 ms
    Throughput:   12309.59 ops/sec
    Latency:    READ    ops  49884  avg    787.77  min    296  max   8666  p99   2078  us
                UPDATE  ops  50116  avg    804.75  min    299  max  10786  p99   2081  us
