[33m[1mYCSB benchmark configuration:[39m[22m Args {
    num_clis: 1,
    num_ops: 10000,
    workload: 'f',
    client_just_args: [
        "p1::client",
        "128.105.144.45:3777",
    ],
}
[33m[1mBenchmarking [Load] phase...[39m[22m
  Launched 1 YCSB drivers, now waiting...
[33m[1mBenchmarking [Run] phase...[39m[22m
  Launched 1 YCSB drivers, now waiting...
[33m[1mBenchmarking results:[39m[22m  [36mYCSB-f[39m  [35m1 clients[39m
  [36m[Load][39m     583 ms
    Throughput:    1715.90 ops/sec
    Latency:    INSERT  ops   1000  avg    512.07  min    403  max   5182  p99    658  us
  [36m[Run] [39m    7218 ms
    Throughput:    2076.25 ops/sec
    Latency:    READ    ops  10000  avg    470.08  min    410  max   4479  p99    604  us
                UPDATE  ops   4987  avg    477.25  min    424  max   2113  p99    607  us
