[33m[1mYCSB benchmark configuration:[39m[22m Args {
    num_clis: 85,
    num_ops: 10000,
    workload: 'a',
    client_just_args: [
        "p1::client",
        "128.105.144.45:3777",
    ],
}
[33m[1mBenchmarking [Load] phase...[39m[22m
  Launched 85 YCSB drivers, now waiting...
[33m[1mBenchmarking [Run] phase...[39m[22m
  Launched 85 YCSB drivers, now waiting...
[33m[1mBenchmarking results:[39m[22m  [36mYCSB-a[39m  [35m85 clients[39m
  [36m[Load][39m    2544 ms
    Throughput:   33417.70 ops/sec
    Latency:    INSERT  ops  85000  avg    960.15  min    270  max  30447  p99   4922  us
  [36m[Run] [39m   14119 ms
    Throughput:   60203.57 ops/sec
    Latency:    READ    ops 424805  avg   1067.66  min    214  max  68166  p99   8265  us
                UPDATE  ops 425195  avg   1201.15  min    226  max  47542  p99   9149  us
