[33m[1mYCSB benchmark configuration:[39m[22m Args {
    num_clis: 10,
    num_ops: 10000,
    workload: 'e',
    client_just_args: [
        "p1::client",
        "128.105.144.45:3777",
    ],
}
[33m[1mBenchmarking [Load] phase...[39m[22m
  Launched 10 YCSB drivers, now waiting...
[33m[1mBenchmarking [Run] phase...[39m[22m
  Launched 10 YCSB drivers, now waiting...
[33m[1mBenchmarking results:[39m[22m  [36mYCSB-e[39m  [35m10 clients[39m
  [36m[Load][39m     906 ms
    Throughput:   11043.38 ops/sec
    Latency:    INSERT  ops  10000  avg    827.37  min    336  max   8704  p99   2385  us
  [36m[Run] [39m   24885 ms
    Throughput:    4018.47 ops/sec
    Latency:    INSERT  ops   5038  avg    705.28  min    374  max   7156  p99   1768  us
                SCAN    ops  94962  avg   2532.41  min    430  max  12434  p99   6030  us
