[33m[1mYCSB benchmark configuration:[39m[22m Args {
    num_clis: 70,
    num_ops: 10000,
    workload: 'e',
    client_just_args: [
        "p1::client",
        "128.105.144.45:3777",
    ],
}
[33m[1mBenchmarking [Load] phase...[39m[22m
  Launched 70 YCSB drivers, now waiting...
[33m[1mBenchmarking [Run] phase...[39m[22m
  Launched 70 YCSB drivers, now waiting...
[33m[1mBenchmarking results:[39m[22m  [36mYCSB-e[39m  [35m70 clients[39m
  [36m[Load][39m    2679 ms
    Throughput:   26128.86 ops/sec
    Latency:    INSERT  ops  70000  avg   1006.17  min    258  max  24797  p99   5437  us
  [36m[Run] [39m   44902 ms
    Throughput:   15589.43 ops/sec
    Latency:    INSERT  ops  35021  avg   1718.49  min    279  max  55152  p99   9789  us
                SCAN    ops 664979  avg   3919.74  min    269  max  93519  p99  17678  us
