[33m[1mYCSB benchmark configuration:[39m[22m Args {
    num_clis: 1,
    num_ops: 10000,
    workload: 'c',
    client_just_args: [
        "p1::client",
        "128.105.144.45:3777",
    ],
}
[33m[1mBenchmarking [Load] phase...[39m[22m
  Launched 1 YCSB drivers, now waiting...
[33m[1mBenchmarking [Run] phase...[39m[22m
  Launched 1 YCSB drivers, now waiting...
[33m[1mBenchmarking results:[39m[22m  [36mYCSB-c[39m  [35m1 clients[39m
  [36m[Load][39m     577 ms
    Throughput:    1732.97 ops/sec
    Latency:    INSERT  ops   1000  avg    508.42  min    371  max   5111  p99    667  us
  [36m[Run] [39m    4766 ms
    Throughput:    2098.26 ops/sec
    Latency:    READ    ops  10000  avg    469.37  min    369  max   3860  p99    617  us
