[33m[1mYCSB benchmark configuration:[39m[22m Args {
    num_clis: 1,
    num_ops: 10000,
    workload: 'd',
    client_just_args: [
        "p1::client",
        "128.105.144.45:3777",
    ],
}
[33m[1mBenchmarking [Load] phase...[39m[22m
  Launched 1 YCSB drivers, now waiting...
[33m[1mBenchmarking [Run] phase...[39m[22m
  Launched 1 YCSB drivers, now waiting...
[33m[1mBenchmarking results:[39m[22m  [36mYCSB-d[39m  [35m1 clients[39m
  [36m[Load][39m     567 ms
    Throughput:    1763.54 ops/sec
    Latency:    INSERT  ops   1000  avg    502.26  min    415  max   5422  p99    703  us
  [36m[Run] [39m    4812 ms
    Throughput:    2078.34 ops/sec
    Latency:    INSERT  ops    526  avg    479.91  min    433  max   1464  p99    587  us
                READ    ops   9474  avg    470.90  min    388  max   3908  p99    612  us
