[33m[1mYCSB benchmark configuration:[39m[22m Args {
    num_clis: 40,
    num_ops: 10000,
    workload: 'a',
    client_just_args: [
        "p1::client",
        "128.105.144.45:3777",
    ],
}
[33m[1mBenchmarking [Load] phase...[39m[22m
  Launched 40 YCSB drivers, now waiting...
[33m[1mBenchmarking [Run] phase...[39m[22m
  Launched 40 YCSB drivers, now waiting...
[33m[1mBenchmarking results:[39m[22m  [36mYCSB-a[39m  [35m40 clients[39m
  [36m[Load][39m    1817 ms
    Throughput:   22017.48 ops/sec
    Latency:    INSERT  ops  40000  avg   1488.11  min    272  max  18982  p99   6429  us
  [36m[Run] [39m   26645 ms
    Throughput:   15012.43 ops/sec
    Latency:    READ    ops 200047  avg   2414.55  min    306  max  21486  p99   6731  us
                UPDATE  ops 199953  avg   2834.36  min    315  max  18655  p99   7420  us
