[33m[1mYCSB benchmark configuration:[39m[22m Args {
    num_clis: 70,
    num_ops: 10000,
    workload: 'c',
    client_just_args: [
        "p1::client",
        "128.105.144.45:3777",
    ],
}
[33m[1mBenchmarking [Load] phase...[39m[22m
  Launched 70 YCSB drivers, now waiting...
[33m[1mBenchmarking [Run] phase...[39m[22m
  Launched 70 YCSB drivers, now waiting...
[33m[1mBenchmarking results:[39m[22m  [36mYCSB-c[39m  [35m70 clients[39m
  [36m[Load][39m    2629 ms
    Throughput:   26630.02 ops/sec
    Latency:    INSERT  ops  70000  avg    970.63  min    269  max  82519  p99   5161  us
  [36m[Run] [39m   11255 ms
    Throughput:   62196.64 ops/sec
    Latency:    READ    ops 700000  avg    974.47  min    216  max  50286  p99   7911  us
